// Jest Snapshot v1, https://goo.gl/fbAQLP

exports[`toReactElements basic 1`] = `
<div>
  <span>
    a child
  </span>
</div>
`;

exports[`toReactElements override text 1`] = `
<span>
  <span>
    Object {
      "props": Object {
        "children": Array [
          "a child",
        ],
        "data-foo": "bar",
      },
      "type": "p",
    }
  </span>
</span>
`;
